node.exe :  ΓÜá 
Warning: Next.js 
inferred your 
workspace root, but 
it may not be 
correct.
At C:\Program Files\
nodejs\npx.ps1:29 
char:3
+   & $NODE_EXE 
$NPX_CLI_JS $args
+   ~~~~~~~~~~~~~~~~
~~~~~~~~~~~~~
    + CategoryInfo  
            : NotS  
  pecified: ( ΓÜá   
  Warning: N...n    
ot be correct.:    
String) [], Rem    
oteException
    + FullyQualifie 
   dErrorId : Nati  
  veCommandError
 
 We detected 
multiple lockfiles 
and selected the 
directory of C:\User
s\steve\package-lock
.json as the root 
directory.
 To silence this 
warning, set 
`turbopack.root` in 
your Next.js 
config, or consider 
removing one of the 
lockfiles if it's 
not needed.
   See https://nextj
s.org/docs/app/api-r
eference/config/next
-config-js/turbopack
#root-directory for 
more information.
 Detected 
additional 
lockfiles: 
   * C:\Users\steve\
profcaria\package-lo
ck.json

   Γû▓ Next.js 16.0.10 (Turbopack)
   - Environments: .env.local

   Creating an optimized production build ...
 Γ£ô Compiled successfully in 3.1s
   Running TypeScript ...
   Collecting page data using 7 workers ...
   Generating static pages using 7 workers (0/10) ...
   Generating static pages using 7 workers (2/10) 
   Generating static pages using 7 workers (4/10) 
   Generating static pages using 7 workers (7/10) 
Error occurred 
prerendering page 
"/". Read more: http
s://nextjs.org/docs/
messages/prerender-e
rror
TypeError: Cannot 
read properties of 
null (reading 
'useContext')
    at r (C:\Users\s
teve\profcaria\.next
\server\chunks\ssr\p
rofcaria_6d78473d._.
js:4:5096)
    at module 
evaluation (C:\Users
\steve\profcaria\.ne
xt\server\chunks\ssr
\profcaria_6d78473d.
_.js:4:8400)
    at 
instantiateModule (C
:\Users\steve\profca
ria\.next\server\chu
nks\ssr\[turbopack]_
runtime.js:715:9)
    at getOrInstanti
ateModuleFromParent 
(C:\Users\steve\prof
caria\.next\server\c
hunks\ssr\[turbopack
]_runtime.js:738:12)
    at Context.commo
nJsRequire [as r] (C
:\Users\steve\profca
ria\.next\server\chu
nks\ssr\[turbopack]_
runtime.js:249:12) {
  digest: 
'2219988514'
}
Export encountered 
an error on /page: 
/, exiting the 
build.
 Γ¿» Next.js build 
worker exited with 
code: 1 and signal: 
null
