
> profcaria@0.1.0 build
> next build --webpack

Γû▓ Next.js 16.1.0 (webpack)
- Environments: .env.local
- Experiments (use with caution):
  ┬╖ optimizePackageImports

  Creating an optimized production build ...
