app/[short_url]/page.tsx(46,52): error TS7006: Parameter 'e' implicitly has an 'any' type.
app/[short_url]/page.tsx(58,51): error TS7006: Parameter 'e' implicitly has an 'any' type.
app/[short_url]/page.tsx(68,50): error TS7006: Parameter 's' implicitly has an 'any' type.
app/[short_url]/page.tsx(70,48): error TS7006: Parameter 'c' implicitly has an 'any' type.
app/[short_url]/page.tsx(77,50): error TS7006: Parameter 'a' implicitly has an 'any' type.
app/[short_url]/page.tsx(84,57): error TS7006: Parameter 'l' implicitly has an 'any' type.
app/[short_url]/page.tsx(89,55): error TS7006: Parameter 'p' implicitly has an 'any' type.
app/[short_url]/page.tsx(135,49): error TS7006: Parameter 'exp' implicitly has an 'any' type.
app/[short_url]/page.tsx(155,48): error TS7006: Parameter 'edu' implicitly has an 'any' type.
app/[short_url]/page.tsx(176,50): error TS7006: Parameter 's' implicitly has an 'any' type.
app/[short_url]/page.tsx(176,53): error TS7006: Parameter 'i' implicitly has an 'any' type.
app/[short_url]/page.tsx(187,49): error TS7006: Parameter 'c' implicitly has an 'any' type.
app/[short_url]/page.tsx(187,52): error TS7006: Parameter 'i' implicitly has an 'any' type.
app/[short_url]/page.tsx(204,46): error TS7006: Parameter 'a' implicitly has an 'any' type.
app/[short_url]/page.tsx(204,49): error TS7006: Parameter 'i' implicitly has an 'any' type.
app/[short_url]/page.tsx(220,53): error TS7006: Parameter 'p' implicitly has an 'any' type.
app/[short_url]/page.tsx(220,56): error TS7006: Parameter 'i' implicitly has an 'any' type.
app/[short_url]/page.tsx(234,50): error TS7006: Parameter 'p' implicitly has an 'any' type.
app/[short_url]/page.tsx(281,57): error TS7006: Parameter 'l' implicitly has an 'any' type.
app/[short_url]/page.tsx(286,55): error TS7006: Parameter 'p' implicitly has an 'any' type.
app/[short_url]/page.tsx(343,53): error TS7006: Parameter 'p' implicitly has an 'any' type.
app/[short_url]/page.tsx(343,56): error TS7006: Parameter 'i' implicitly has an 'any' type.
app/[short_url]/page.tsx(357,50): error TS7006: Parameter 'p' implicitly has an 'any' type.
